Processed Certificate Type: OV
Certificate Errors: 6
  Priority: Error, Message: Certificate contains no extended key usage
  Priority: Error, Message: Certificate has key usage KeyAgreement set
  Priority: Error, Message: Certificate key too small: 1024
  Priority: Error, Message: Certificate contains a CRL with an non-preferred scheme (ldap)
  Priority: Error, Message: Certificate is using SHA1, but is still valid on/after 1 Jan 2017
  Priority: Info, Message: commonName field is deprecated
