Processed Certificate Type: DV
Certificate Errors: 6
  Priority: Error, Message: KeyUsage extension SHOULD be marked as critical when present
  Priority: Warning, Message: Certificate contains unknown extension (2.5.29.18)
  Priority: Error, Message: Certificate has key usage KeyAgreement set
  Priority: Error, Message: Certificate key too small: 2043
  Priority: Info, Message: commonName field is deprecated
  Priority: Info, Message: emailAddress field is deprecated
