Processed Certificate Type: PS
Certificate Errors: 5
  Priority: Error, Message: Certificate contains an extended key usage different from ClientAuth or EmailProtection
  Priority: Error, Message: Certificate key too small: 512
  Priority: Error, Message: Certificate contains a CRL with an non-preferred scheme (ldap)
  Priority: Info, Message: commonName field is deprecated
  Priority: Info, Message: emailAddress field is deprecated
