Incomplete chain for VR IDENT EV SSL CA 2016 W1.DONNER.DE 68636c860bca0d94ab2be &{[] <nil> 0 {0 0}}
Processed Certificate Type: EV
Certificate Errors: 5
  Priority: Error, Message: Certificate contains no Authority Info Access Issuers
  Priority: Error, Message: businessCategory is required for EV certificates
  Priority: Error, Message: jurisdictionCountryName is required for EV certificates
  Priority: Error, Message: serialNumber is required for EV certificates
  Priority: Info, Message: commonName field is deprecated
