Incomplete chain for Cybertrust Public SureServer SV CA *.whitehouse.gov 20000000001456be1a50e66883e &{[{4 Using deprecated TeletexString for '*.whitehouse.gov'}] <nil> 4 {0 0}}
Processed Certificate Type: OV
Certificate Errors: 5
  Priority: Warning, Message: Using deprecated TeletexString for '*.whitehouse.gov'
  Priority: Error, Message: Certificate contains no Authority Info Access Issuers
  Priority: Warning, Message: Certificate contains unknown extension (2.16.840.1.113730.1.1)
  Priority: Info, Message: commonName field is deprecated
  Priority: Error, Message: Certificate doesn't contain any subjectAltName
