Processed Certificate Type: EV
Certificate Errors: 4
  Priority: Warning, Message: Using deprecated TeletexString for '上海市'
  Priority: Warning, Message: Using deprecated TeletexString for '上海市'
  Priority: Error, Message: Certificate contains an extended key usage different from ServerAuth, ClientAuth or ServerGatedCrypto
  Priority: Info, Message: commonName field is deprecated
