Incomplete chain for Trustis Healthcare TT Issuing Authority *.bartshealth.nhs.uk a617a0c28282b8ab3398cbfb392c6a47 &{[] <nil> 0 {0 0}}
Processed Certificate Type: OV
Certificate Errors: 7
  Priority: Error, Message: Certificate contains no Authority Info Access Issuers
  Priority: Error, Message: Certificate contains no extended key usage
  Priority: Error, Message: Certificate has no key usage set
  Priority: Error, Message: Certificate contains no CRL or OCSP server
  Priority: Info, Message: commonName field is deprecated
  Priority: Error, Message: Certificate doesn't contain any subjectAltName
  Priority: Error, Message: Certificate is not V3 (1)
